// Jest Snapshot v1, https://goo.gl/fbAQLP

exports[`html structure is correct 1`] = `
<div>
  <div
    class="pb_collapsible_kit additional_class"
    data-testid="collapsible1"
  >
    <div
      class="pb_collapsible_main_kit cursor_pointer"
    >
      <div>
        <div
          class="pb_flex_kit pb_flex_kit_orientation_row pb_flex_kit_justify_content_left pb_flex_kit_align_items_center pb_flex_kit_spacing_between"
        >
          <div
            class="pb_flex_item_kit"
          >
            <div>
              Main Section
            </div>
          </div>
          <div
            class="pb_flex_item_kit"
          >
            <div
              class="icon_wrapper"
              style="vertical-align: middle; color: #C1CDD6;"
            >
              <svg
                aria-label="chevron-down icon"
                class="pb_custom_icon svg-inline--fa svg_lg svg_fw"
                color="currentColor"
                fill="none"
                height="auto"
                viewBox="0 0 30 25"
                width="auto"
                xmlns="http://www.w3.org/2000/svg"
              >
                <path
                  d="M14.203 19.297l-9-9c-.469-.422-.469-1.125 0-1.594.422-.422 1.125-.422 1.594 0L15 16.953l8.203-8.203c.422-.469 1.125-.469 1.594 0a1.103 1.103 0 010 1.547l-9.047 9a1.027 1.027 0 01-1.547 0z"
                  fill="#242B42"
                />
              </svg>
            </div>
          </div>
        </div>
      </div>
    </div>
    <div
      class="pb_collapsible_content_kit toggle-content"
      data-collapsible-content="true"
      style="height: 0px;"
    >
      <div>
        Lorem ipsum dolor sit amet, consectetur adipiscing elit. In vel erat sed purus hendrerit viverra. Duis et vestibulum metus. Sed consequat ut ante non vehicula. Etiam nunc massa, pharetra vel quam id, posuere rhoncus quam. Quisque imperdiet arcu enim, nec aliquet justo auctor eget. Curabitur in metus nec nunc rhoncus faucibus vitae ac elit. Nulla facilisi. Vestibulum quis pretium nulla. Nulla ut accumsan velit. Duis varius urna sed sem tempor, sit amet fermentum nibh auctor. Praesent lorem arcu, egestas non ante quis, placerat pellentesque lectus.Vestibulum lacinia ipsum quis venenatis tristique. Vivamus suscipit, libero eu fringilla egestas, orci urna commodo arcu, vel gravida turpis ipsum molestie nibh. Donec cursus eu ante sagittis ultrices. Phasellus id sagittis risus. Mauris dapibus neque faucibus, tempor ligula vel, cursus ante. Donec faucibus gravida porta. Nullam egestas est quis aliquam feugiat. Sed eget metus diam. Cras eget placerat libero.
      </div>
    </div>
  </div>
</div>
`;
